Type error: Mismatch { expected: "named function pointer or capture-free closure", found: "escape closure capturing 1 variable(s) from enclosing scope: [x] — escape closures cause stack-after-return corruption (A4-15). Use a named fn or extract captured state to a struct. Set VAIS_REJECT_A4_15=0 to restore legacy silent accept.", span: Some(Span { file_id: 0, start: 45, end: 54 }) }